cargo :    Compiling windows-sys v0.61.2
所在位置 行:1 字符: 1
+ cargo build --bin DeepSeekTUI 2>&1 | Out-File -FilePath D:\rustRover\ ...
+ ~~~~~~~~~~~~~~~~~~~~~~~~~~~~~~~~~~
    + CategoryInfo          : NotSpecified: (   Compiling windows-sys v0.61.2:String) [], RemoteException
    + FullyQualifiedErrorId : NativeCommandError
 
   Compiling ratatui-widgets v0.3.0
   Compiling windows-sys v0.52.0
   Compiling ratatui-macros v0.7.0
   Compiling ratatui-textarea v0.8.0
   Compiling ratatui v0.30.0
   Compiling socket2 v0.6.3
   Compiling mio v1.2.0
   Compiling nu-ansi-term v0.50.3
   Compiling tracing-subscriber v0.3.23
   Compiling rustls-platform-verifier v0.7.0
   Compiling tokio v1.52.3
   Compiling tokio-util v0.7.18
   Compiling tokio-rustls v0.26.4
   Compiling tower v0.5.3
   Compiling tower-http v0.6.11
   Compiling h2 v0.4.14
   Compiling hyper v1.9.0
   Compiling hyper-util v0.1.20
   Compiling hyper-rustls v0.27.9
   Compiling reqwest v0.13.3
   Compiling DeepSeekTUI v0.1.0 (D:\rustRover\DeepSeekTUI)
warning: methods `add_system_message`, `clear`, and `last_message` are never used
  --> src\session\mod.rs:49:12
   |
22 | impl Session {
   | ------------ methods in this implementation
...
49 |     pub fn add_system_message(&mut self, msg: String) {
   |            ^^^^^^^^^^^^^^^^^^
...
56 |     pub fn clear(&mut self) {
   |            ^^^^^
...
61 |     pub fn last_message(&self) -> Option<&Message> {
   |            ^^^^^^^^^^^^
   |
   = note: `#[warn(dead_code)]` (part of `#[warn(unused)]`) on by default

warning: associated function `system` is never used
  --> src\session\message.rs:25:12
   |
 9 | impl Message {
   | ------------ associated function in this implementation
...
25 |     pub fn system(content: impl Into<String>) -> Self {
   |            ^^^^^^

warning: `DeepSeekTUI` (bin "DeepSeekTUI") generated 2 warnings
    Finished `dev` profile [unoptimized + debuginfo] target(s) in 45.77s
